// Jest Snapshot v1, https://goo.gl/fbAQLP

exports[`match snapshot 1`] = `
<div
  className="am-flexbox Stats__Wrapper-gMNrje jplNuA am-flexbox-justify-center am-flexbox-align-center"
  style={undefined}
>
  <div
    className="sticky-table "
    id="sticky-table-500000000"
  >
    <div
      className="x-scrollbar"
    >
      <div />
    </div>
    <div
      className="y-scrollbar"
    >
      <div />
    </div>
    <div
      className="sticky-table-header-wrapper"
    >
      <div
        className="sticky-table-corner hidden"
      >
        <div
          className="sticky-table-table "
        >
          <div
            className="sticky-table-row "
            id=""
          />
        </div>
      </div>
      <div
        className="sticky-table-header "
      >
        <div
          className="sticky-table-table "
        >
          <div
            className="sticky-table-row "
            id=""
          >
            <div
              className="sticky-table-cell Stats__StyledCell-lisZzp cpHEZL"
              style={
                Object {
                  "color": "#041e42",
                  "fontWeight": "600",
                }
              }
            >
              IND
            </div>
            <div
              className="sticky-table-cell Stats__StyledCell-lisZzp cpHEZL"
            />
            <div
              className="sticky-table-cell Stats__StyledCell-lisZzp cpHEZL"
              style={
                Object {
                  "color": "#ffc72d",
                  "fontWeight": "600",
                }
              }
            >
              GSW
            </div>
          </div>
        </div>
      </div>
    </div>
    <div
      className="sticky-table-y-wrapper"
    >
      <div
        className="sticky-table-column hidden"
      >
        <div
          className="sticky-table-table "
        >
          <div
            className="sticky-table-row "
            id=""
          />
          <div
            className="sticky-table-row "
            id=""
          />
          <div
            className="sticky-table-row "
            id=""
          />
          <div
            className="sticky-table-row "
            id=""
          />
          <div
            className="sticky-table-row "
            id=""
          />
          <div
            className="sticky-table-row "
            id=""
          />
          <div
            className="sticky-table-row "
            id=""
          />
          <div
            className="sticky-table-row "
            id=""
          />
          <div
            className="sticky-table-row "
            id=""
          />
        </div>
      </div>
      <div
        className="sticky-table-x-wrapper"
      >
        <div
          className="sticky-table-table "
        >
          <div
            className="sticky-table-row "
            id=""
          >
            <div
              className="sticky-table-cell Stats__StyledCell-lisZzp cpHEZL"
            >
              53.8
            </div>
            <div
              className="sticky-table-cell Stats__StyledCell-lisZzp cpHEZL"
            >
              <b>
                FG%
              </b>
            </div>
            <div
              className="sticky-table-cell Stats__StyledCell-lisZzp cpHEZL"
            >
              44.6
            </div>
          </div>
          <div
            className="sticky-table-row "
            id=""
          >
            <div
              className="sticky-table-cell Stats__StyledCell-lisZzp cpHEZL"
            >
              51.7
            </div>
            <div
              className="sticky-table-cell Stats__StyledCell-lisZzp cpHEZL"
            >
              <b>
                3P%
              </b>
            </div>
            <div
              className="sticky-table-cell Stats__StyledCell-lisZzp cpHEZL"
            >
              31.0
            </div>
          </div>
          <div
            className="sticky-table-row "
            id=""
          >
            <div
              className="sticky-table-cell Stats__StyledCell-lisZzp cpHEZL"
            >
              73.3
            </div>
            <div
              className="sticky-table-cell Stats__StyledCell-lisZzp cpHEZL"
            >
              <b>
                FT%
              </b>
            </div>
            <div
              className="sticky-table-cell Stats__StyledCell-lisZzp cpHEZL"
            >
              95.8
            </div>
          </div>
          <div
            className="sticky-table-row "
            id=""
          >
            <div
              className="sticky-table-cell Stats__StyledCell-lisZzp cpHEZL"
            >
              32
            </div>
            <div
              className="sticky-table-cell Stats__StyledCell-lisZzp cpHEZL"
            >
              <b>
                AST
              </b>
            </div>
            <div
              className="sticky-table-cell Stats__StyledCell-lisZzp cpHEZL"
            >
              29
            </div>
          </div>
          <div
            className="sticky-table-row "
            id=""
          >
            <div
              className="sticky-table-cell Stats__StyledCell-lisZzp cpHEZL"
            >
              47
            </div>
            <div
              className="sticky-table-cell Stats__StyledCell-lisZzp cpHEZL"
            >
              <b>
                REB
              </b>
            </div>
            <div
              className="sticky-table-cell Stats__StyledCell-lisZzp cpHEZL"
            >
              39
            </div>
          </div>
          <div
            className="sticky-table-row "
            id=""
          >
            <div
              className="sticky-table-cell Stats__StyledCell-lisZzp cpHEZL"
            >
              11
            </div>
            <div
              className="sticky-table-cell Stats__StyledCell-lisZzp cpHEZL"
            >
              <b>
                STL
              </b>
            </div>
            <div
              className="sticky-table-cell Stats__StyledCell-lisZzp cpHEZL"
            >
              6
            </div>
          </div>
          <div
            className="sticky-table-row "
            id=""
          >
            <div
              className="sticky-table-cell Stats__StyledCell-lisZzp cpHEZL"
            >
              3
            </div>
            <div
              className="sticky-table-cell Stats__StyledCell-lisZzp cpHEZL"
            >
              <b>
                BLK
              </b>
            </div>
            <div
              className="sticky-table-cell Stats__StyledCell-lisZzp cpHEZL"
            >
              5
            </div>
          </div>
          <div
            className="sticky-table-row "
            id=""
          >
            <div
              className="sticky-table-cell Stats__StyledCell-lisZzp cpHEZL"
            >
              12
            </div>
            <div
              className="sticky-table-cell Stats__StyledCell-lisZzp cpHEZL"
            >
              <b>
                TOV
              </b>
            </div>
            <div
              className="sticky-table-cell Stats__StyledCell-lisZzp cpHEZL"
            >
              16
            </div>
          </div>
          <div
            className="sticky-table-row "
            id=""
          >
            <div
              className="sticky-table-cell Stats__StyledCell-lisZzp cpHEZL"
            >
              24
            </div>
            <div
              className="sticky-table-cell Stats__StyledCell-lisZzp cpHEZL"
            >
              <b>
                FOUL
              </b>
            </div>
            <div
              className="sticky-table-cell Stats__StyledCell-lisZzp cpHEZL"
            >
              14
            </div>
          </div>
        </div>
      </div>
    </div>
  </div>
</div>
`;
