// Jest Snapshot v1, https://goo.gl/fbAQLP

exports[`match snapshot 1`] = `
<div
  className="am-flexbox List__Wrapper-fBZEGJ dUPBZT am-flexbox-dir-column am-flexbox-justify-start am-flexbox-align-center"
  style={undefined}
>
  <div
    className="am-list List__StyledList-fzpiIm dsCfjD"
    style={undefined}
  >
    <div
      className="am-list-body"
    >
      <div
        className="am-list-item List__StyledItem-fXZPYN jpMBcp am-list-item-middle"
        onClick={[Function]}
      >
        <div
          className="am-list-line"
        >
          <div
            className="am-list-content"
          >
            About NBA Bar
          </div>
        </div>
        <div
          className="am-list-ripple"
          style={
            Object {
              "display": "none",
            }
          }
        />
      </div>
      <div
        className="am-list-item List__StyledItem-fXZPYN jpMBcp am-list-item-middle"
        onClick={[Function]}
        onMouseDown={[Function]}
        onMouseLeave={[Function]}
        onMouseUp={[Function]}
        onTouchCancel={[Function]}
        onTouchEnd={[Function]}
        onTouchMove={[Function]}
        onTouchStart={[Function]}
      >
        <div
          className="am-list-line"
        >
          <div
            className="am-list-content"
          >
            Quit NBA Bar
          </div>
          <div
            className="am-list-extra"
          >
            âŒ˜Q
          </div>
        </div>
        <div
          className="am-list-ripple"
          style={
            Object {
              "display": "none",
            }
          }
        />
      </div>
    </div>
  </div>
</div>
`;
